Run 1/40: DQN lr=0.0001 gamma=0.95...
  -> eval reward: -927.4, avg length: 500.0, gridlock: 0%
Run 2/40: DQN lr=0.0003 gamma=0.95...
  -> eval reward: -885.0, avg length: 500.0, gridlock: 0%
Run 3/40: DQN lr=0.0005 gamma=0.95...
  -> eval reward: -803.5, avg length: 500.0, gridlock: 0%
Run 4/40: DQN lr=0.001 gamma=0.95...
  -> eval reward: -740.5, avg length: 500.0, gridlock: 0%
Run 5/40: DQN lr=0.005 gamma=0.95...
  -> eval reward: -770.3, avg length: 500.0, gridlock: 0%
Run 6/40: DQN lr=0.0001 gamma=0.99...
  -> eval reward: -881.4, avg length: 500.0, gridlock: 0%
Run 7/40: DQN lr=0.0003 gamma=0.99...
  -> eval reward: -779.4, avg length: 500.0, gridlock: 0%
Run 8/40: DQN lr=0.0005 gamma=0.99...
  -> eval reward: -799.8, avg length: 500.0, gridlock: 0%
Run 9/40: DQN lr=0.001 gamma=0.99...
  -> eval reward: -775.5, avg length: 500.0, gridlock: 0%
Run 10/40: DQN lr=0.005 gamma=0.99...
  -> eval reward: -864.3, avg length: 500.0, gridlock: 0%
Best DQN config: lr=0.001 gamma=0.95 (eval reward -740.5) -> saved to models/dqn/dqn_best
Run 11/40: PPO lr=0.0001 clip=0.1...
  -> eval reward: -1109.4, avg length: 500.0, gridlock: 0%
Run 12/40: PPO lr=0.0003 clip=0.1...
  -> eval reward: -991.9, avg length: 500.0, gridlock: 0%
Run 13/40: PPO lr=0.0005 clip=0.1...
  -> eval reward: -921.6, avg length: 500.0, gridlock: 0%
Run 14/40: PPO lr=0.001 clip=0.1...
  -> eval reward: -903.4, avg length: 500.0, gridlock: 0%
Run 15/40: PPO lr=0.005 clip=0.1...
  -> eval reward: -1073.6, avg length: 500.0, gridlock: 0%
Run 16/40: PPO lr=0.0001 clip=0.3...
  -> eval reward: -883.2, avg length: 500.0, gridlock: 0%
Run 17/40: PPO lr=0.0003 clip=0.3...
  -> eval reward: -768.0, avg length: 500.0, gridlock: 0%
Run 18/40: PPO lr=0.0005 clip=0.3...
  -> eval reward: -824.9, avg length: 500.0, gridlock: 0%
Run 19/40: PPO lr=0.001 clip=0.3...
  -> eval reward: -776.5, avg length: 500.0, gridlock: 0%
Run 20/40: PPO lr=0.005 clip=0.3...
  -> eval reward: -5132.1, avg length: 345.4, gridlock: 60%
Best PPO config: lr=0.0003 clip=0.3 (eval reward -768.0) -> saved to models/pg/ppo_best
Run 21/40: A2C lr=0.0001 n_steps=5...
  -> eval reward: -2080.5, avg length: 46.0, gridlock: 100%
Run 22/40: A2C lr=0.0003 n_steps=5...
  -> eval reward: -2396.7, avg length: 48.5, gridlock: 100%
Run 23/40: A2C lr=0.0005 n_steps=5...
  -> eval reward: -901.4, avg length: 500.0, gridlock: 0%
Run 24/40: A2C lr=0.001 n_steps=5...
  -> eval reward: -4028.8, avg length: 56.4, gridlock: 100%
Run 25/40: A2C lr=0.005 n_steps=5...
  -> eval reward: -886.4, avg length: 500.0, gridlock: 0%
Run 26/40: A2C lr=0.0001 n_steps=20...
  -> eval reward: -2393.9, avg length: 48.2, gridlock: 100%
Run 27/40: A2C lr=0.0003 n_steps=20...
  -> eval reward: -5525.8, avg length: 458.1, gridlock: 25%
Run 28/40: A2C lr=0.0005 n_steps=20...
  -> eval reward: -1948.8, avg length: 500.0, gridlock: 0%
Run 29/40: A2C lr=0.001 n_steps=20...
  -> eval reward: -4576.6, avg length: 146.8, gridlock: 100%
Run 30/40: A2C lr=0.005 n_steps=20...
  -> eval reward: -3756.9, avg length: 43.3, gridlock: 100%
Best A2C config: lr=0.005 n_steps=5 (eval reward -886.4) -> saved to models/pg/a2c_best
Run 31/40: REINFORCE lr=0.0001 gamma=0.95...
  -> eval reward: -5735.2, avg length: 458.4, gridlock: 20%
Run 32/40: REINFORCE lr=0.0003 gamma=0.95...
  -> eval reward: -2619.1, avg length: 60.4, gridlock: 100%
Run 33/40: REINFORCE lr=0.0005 gamma=0.95...
  -> eval reward: -1768.6, avg length: 500.0, gridlock: 0%
Run 34/40: REINFORCE lr=0.001 gamma=0.95...
  -> eval reward: -3254.0, avg length: 418.4, gridlock: 30%
Run 35/40: REINFORCE lr=0.005 gamma=0.95...
  -> eval reward: -1147.4, avg length: 500.0, gridlock: 0%
Run 36/40: REINFORCE lr=0.0001 gamma=0.99...
  -> eval reward: -2694.8, avg length: 62.6, gridlock: 100%
Run 37/40: REINFORCE lr=0.0003 gamma=0.99...
  -> eval reward: -2479.9, avg length: 50.1, gridlock: 100%
Run 38/40: REINFORCE lr=0.0005 gamma=0.99...
  -> eval reward: -2459.9, avg length: 50.2, gridlock: 100%
Run 39/40: REINFORCE lr=0.001 gamma=0.99...
  -> eval reward: -2655.4, avg length: 52.8, gridlock: 100%
Run 40/40: REINFORCE lr=0.005 gamma=0.99...
  -> eval reward: -2472.9, avg length: 54.5, gridlock: 100%
Best REINFORCE config: lr=0.005 gamma=0.95 (eval reward -1147.4) -> saved to models/pg/reinforce_best

All runs complete. Results written to logs/sweep_results.json
